// Jest Snapshot v1, https://goo.gl/fbAQLP

exports[`SignUp.vue renders correctly 1`] = `
<div id="signup">
  <div class="signup-form">
    <form>
      <div class="input"><label for="email">Mail</label> <input type="email" id="email"></div>
      <div class="input"><label for="user">Username</label> <input type="text" id="user"></div>
      <div class="input"><label for="password">Password</label> <input type="password" id="password"></div>
      <div class="input"><label for="confirm-password">Confirm Password</label> <input type="password" id="confirm-password"></div>
      <div class="submit"><button type="submit">Submit</button></div>
    </form>
  </div>
</div>
`;
